// Jest Snapshot v1, https://goo.gl/fbAQLP

exports[`test in GifExpertApp component should render correctly 1`] = `
<div>
  <h2>
    Gif Expert App 
  </h2>
  <AddCategory
    addCategory={[Function]}
  />
  <hr />
  <ol>
    <GifGrid
      category="Codding"
      key="Codding"
    />
  </ol>
</div>
`;
